
> hr-website@0.1.0 build
> next build

node.exe : 
[baseline-browser-mapping] 
The data in this module is 
over two months old.  To 
ensure accurate Baseline 
data, please update: `npm i 
baseline-browser-mapping@lat
est -D`
At line:1 char:1
+ & "C:\Program 
Files\nodejs/node.exe" 
"C:\Program 
Files\nodejs/node_mo ...
+ ~~~~~~~~~~~~~~~~~~~~~~~~~~
~~~~~~~~~~~~~~~~~~~~~~~~~~~~
~~~~~~~~~~~~~~~
    + CategoryInfo          
    : NotSpecified: ([base  
  line-brows...ping@lates   
 t -D`:String) [], Remot    
eException
    + FullyQualifiedErrorId 
    : NativeCommandError
 
   Γû▓ Next.js 16.0.1 (Turbopack)
   - Environments: .env.local

   Creating an optimized production build ...
[baseline-browser-mapping] 
The data in this module is 
over two months old.  To 
ensure accurate Baseline 
data, please update: `npm i 
baseline-browser-mapping@lat
est -D`
 Γ£ô Compiled successfully in 10.7s
   Running TypeScript ...
   Collecting page data ...
[baseline-browser-mapping] 
The data in this module is 
over two months old.  To 
ensure accurate Baseline 
data, please update: `npm i 
baseline-browser-mapping@lat
est -D`
[baseline-browser-mapping] 
The data in this module is 
over two months old.  To 
ensure accurate Baseline 
data, please update: `npm i 
baseline-browser-mapping@lat
est -D`
[baseline-browser-mapping] 
The data in this module is 
over two months old.  To 
ensure accurate Baseline 
data, please update: `npm i 
baseline-browser-mapping@lat
est -D`
[baseline-browser-mapping] 
The data in this module is 
over two months old.  To 
ensure accurate Baseline 
data, please update: `npm i 
baseline-browser-mapping@lat
est -D`
[baseline-browser-mapping] 
The data in this module is 
over two months old.  To 
ensure accurate Baseline 
data, please update: `npm i 
baseline-browser-mapping@lat
est -D`
[baseline-browser-mapping] 
The data in this module is 
over two months old.  To 
ensure accurate Baseline 
data, please update: `npm i 
baseline-browser-mapping@lat
est -D`
[baseline-browser-mapping] 
The data in this module is 
over two months old.  To 
ensure accurate Baseline 
data, please update: `npm i 
baseline-browser-mapping@lat
est -D`
[baseline-browser-mapping] 
The data in this module is 
over two months old.  To 
ensure accurate Baseline 
data, please update: `npm i 
baseline-browser-mapping@lat
est -D`
[baseline-browser-mapping] 
The data in this module is 
over two months old.  To 
ensure accurate Baseline 
data, please update: `npm i 
baseline-browser-mapping@lat
est -D`
[baseline-browser-mapping] 
The data in this module is 
over two months old.  To 
ensure accurate Baseline 
data, please update: `npm i 
baseline-browser-mapping@lat
est -D`
[baseline-browser-mapping] 
The data in this module is 
over two months old.  To 
ensure accurate Baseline 
data, please update: `npm i 
baseline-browser-mapping@lat
est -D`
   Generating static pages (0/57) ...
[baseline-browser-mapping] 
The data in this module is 
over two months old.  To 
ensure accurate Baseline 
data, please update: `npm i 
baseline-browser-mapping@lat
est -D`
[baseline-browser-mapping] 
The data in this module is 
over two months old.  To 
ensure accurate Baseline 
data, please update: `npm i 
baseline-browser-mapping@lat
est -D`
[baseline-browser-mapping] 
The data in this module is 
over two months old.  To 
ensure accurate Baseline 
data, please update: `npm i 
baseline-browser-mapping@lat
est -D`
   Generating static pages (14/57) 
   Generating static pages (28/57) 
   Generating static pages (42/57) 
 Γ¿» useSearchParams() 
should be wrapped in a 
suspense boundary at page 
"/games/roadmap/view". Read 
more: https://nextjs.org/doc
s/messages/missing-suspense-
with-csr-bailout
    at S (D:\eduai-nextjs\hr
-website\.next\server\chunks
\ssr\node_modules_next_9c24b
a8d._.js:2:2111)
    at p (D:\eduai-nextjs\hr
-website\.next\server\chunks
\ssr\node_modules_next_9c24b
a8d._.js:4:4847)
    at ag (D:\eduai-nextjs\h
r-website\.next\server\chunk
s\ssr\app_(pages)_games_road
map_view_page_tsx_1b196737._
.js:1:19907)
    at ir (D:\eduai-nextjs\h
r-website\node_modules\next\
dist\compiled\next-server\ap
p-page-turbo.runtime.prod.js
:2:84433)
    at ia (D:\eduai-nextjs\h
r-website\node_modules\next\
dist\compiled\next-server\ap
p-page-turbo.runtime.prod.js
:2:86252)
    at il (D:\eduai-nextjs\h
r-website\node_modules\next\
dist\compiled\next-server\ap
p-page-turbo.runtime.prod.js
:2:107981)
    at is (D:\eduai-nextjs\h
r-website\node_modules\next\
dist\compiled\next-server\ap
p-page-turbo.runtime.prod.js
:2:105399)
    at ii (D:\eduai-nextjs\h
r-website\node_modules\next\
dist\compiled\next-server\ap
p-page-turbo.runtime.prod.js
:2:84785)
    at ia (D:\eduai-nextjs\h
r-website\node_modules\next\
dist\compiled\next-server\ap
p-page-turbo.runtime.prod.js
:2:86301)
    at ia (D:\eduai-nextjs\h
r-website\node_modules\next\
dist\compiled\next-server\ap
p-page-turbo.runtime.prod.js
:2:104739)
Error occurred prerendering 
page "/games/roadmap/view". 
Read more: https://nextjs.or
g/docs/messages/prerender-er
ror
Export encountered an error 
on /(pages)/games/roadmap/vi
ew/page: 
/games/roadmap/view, 
exiting the build.
 Γ¿» Next.js build worker 
exited with code: 1 and 
signal: null
