app/hooks/useRoleAccess.ts(44,12): error TS2678: Type '"recruiter"' is not comparable to type 'UserRole'.
app/hooks/useRoleAccess.ts(55,12): error TS2678: Type '"mentor"' is not comparable to type 'UserRole'.
app/utils/redirectHelpers.ts(10,10): error TS2678: Type '"recruiter"' is not comparable to type 'UserRole'.
app/utils/redirectHelpers.ts(12,10): error TS2678: Type '"mentor"' is not comparable to type 'UserRole'.
